 Copyright (C) 1995-2019 - All Rights Reserved
 University Corporation for Atmospheric Research
 NCAR Command Language Version 6.6.2
 The use of this software is governed by a License Agreement.
 See http://www.ncl.ucar.edu/ for more details.
(0)	The <datainfo.txt> has 9 lines.
(0)	<png>
(1)	</work2/noaa/gsienkf/weihuang/gfs/data/dec2021/>
(2)	<monthly_mean_gfs_4_202112_1800_000.nc>
(3)	<mfc_202112.nc>
(4)	<monthly_mean_gfs_4_202112_0000_000.nc>
(5)	<monthly_mean_gfs_4_202112_0600_000.nc>
(6)	<monthly_mean_gfs_4_202112_1200_000.nc>
(7)	<monthly_mean_gfs_4_202112_1800_000.nc>
(8)	<monthly_mean_gfs_4_202112.nc>
(0)	fi = /work2/noaa/gsienkf/weihuang/gfs/data/dec2021/monthly_mean_gfs_4_202112_1800_000.nc
(0)	fo = /work2/noaa/gsienkf/weihuang/gfs/data/dec2021/mfc_202112.nc


Variable: dimdp
Type: integer
Total Size: 12 bytes
            3 values
Number of Dimensions: 1
Dimensions and sizes:	[3]
Coordinates: 
(0)	41
(1)	361
(2)	720
(0)	-----
(0)	VIDFC

Variable: VIDFC
Type: float
Total Size: 1039680 bytes
            259920 values
Number of Dimensions: 2
Dimensions and sizes:	[lat_0 | 361] x [lon_0 | 720]
Coordinates: 
            lat_0: [-90..90]
            lon_0: [ 0..359.5]
Number Of Attributes: 4
  _FillValue :	1e+20
  long_name :	VIDFC
  LONG_NAME :	Integrated Mass Weighted Density Flux Convergence
  units :	g/(m2-s)
(0)	VIDFC (g/(m2-s)) : min=-0.678592   max=0.922488
(0)	check_for_y_lat_coord: Warning: Data either does not contain
(0)	a valid latitude coordinate array or doesn't contain one at all.
(0)	A valid latitude coordinate array should have a 'units'
(0)	attribute equal to one of the following values: 
(0)	    'degrees_north' 'degrees-north' 'degree_north' 'degrees north' 'degrees_N' 'Degrees_north' 'degree_N' 'degreeN' 'degreesN' 'deg north'
(0)	check_for_lon_coord: Warning: Data either does not contain
(0)	a valid longitude coordinate array or doesn't contain one at all.
(0)	A valid longitude coordinate array should have a 'units'
(0)	attribute equal to one of the following values: 
(0)	    'degrees_east' 'degrees-east' 'degree_east' 'degrees east' 'degrees_E' 'Degrees_east' 'degree_E' 'degreeE' 'degreesE' 'deg east'
(0)	check_for_y_lat_coord: Warning: Data either does not contain
(0)	a valid latitude coordinate array or doesn't contain one at all.
(0)	A valid latitude coordinate array should have a 'units'
(0)	attribute equal to one of the following values: 
(0)	    'degrees_north' 'degrees-north' 'degree_north' 'degrees north' 'degrees_N' 'Degrees_north' 'degree_N' 'degreeN' 'degreesN' 'deg north'
(0)	check_for_lon_coord: Warning: Data either does not contain
(0)	a valid longitude coordinate array or doesn't contain one at all.
(0)	A valid longitude coordinate array should have a 'units'
(0)	attribute equal to one of the following values: 
(0)	    'degrees_east' 'degrees-east' 'degree_east' 'degrees east' 'degrees_E' 'Degrees_east' 'degree_E' 'degreeE' 'degreesE' 'deg east'
(0)	check_for_y_lat_coord: Warning: Data either does not contain
(0)	a valid latitude coordinate array or doesn't contain one at all.
(0)	A valid latitude coordinate array should have a 'units'
(0)	attribute equal to one of the following values: 
(0)	    'degrees_north' 'degrees-north' 'degree_north' 'degrees north' 'degrees_N' 'Degrees_north' 'degree_N' 'degreeN' 'degreesN' 'deg north'
(0)	check_for_lon_coord: Warning: Data either does not contain
(0)	a valid longitude coordinate array or doesn't contain one at all.
(0)	A valid longitude coordinate array should have a 'units'
(0)	attribute equal to one of the following values: 
(0)	    'degrees_east' 'degrees-east' 'degree_east' 'degrees east' 'degrees_E' 'Degrees_east' 'degree_E' 'degreeE' 'degreesE' 'deg east'
(0)	check_for_y_lat_coord: Warning: Data either does not contain
(0)	a valid latitude coordinate array or doesn't contain one at all.
(0)	A valid latitude coordinate array should have a 'units'
(0)	attribute equal to one of the following values: 
(0)	    'degrees_north' 'degrees-north' 'degree_north' 'degrees north' 'degrees_N' 'Degrees_north' 'degree_N' 'degreeN' 'degreesN' 'deg north'
(0)	check_for_lon_coord: Warning: Data either does not contain
(0)	a valid longitude coordinate array or doesn't contain one at all.
(0)	A valid longitude coordinate array should have a 'units'
(0)	attribute equal to one of the following values: 
(0)	    'degrees_east' 'degrees-east' 'degree_east' 'degrees east' 'degrees_E' 'Degrees_east' 'degree_E' 'degreeE' 'degreesE' 'deg east'
(0)	check_for_y_lat_coord: Warning: Data either does not contain
(0)	a valid latitude coordinate array or doesn't contain one at all.
(0)	A valid latitude coordinate array should have a 'units'
(0)	attribute equal to one of the following values: 
(0)	    'degrees_north' 'degrees-north' 'degree_north' 'degrees north' 'degrees_N' 'Degrees_north' 'degree_N' 'degreeN' 'degreesN' 'deg north'
(0)	check_for_lon_coord: Warning: Data either does not contain
(0)	a valid longitude coordinate array or doesn't contain one at all.
(0)	A valid longitude coordinate array should have a 'units'
(0)	attribute equal to one of the following values: 
(0)	    'degrees_east' 'degrees-east' 'degree_east' 'degrees east' 'degrees_E' 'Degrees_east' 'degree_E' 'degreeE' 'degreesE' 'deg east'
(0)	check_for_y_lat_coord: Warning: Data either does not contain
(0)	a valid latitude coordinate array or doesn't contain one at all.
(0)	A valid latitude coordinate array should have a 'units'
(0)	attribute equal to one of the following values: 
(0)	    'degrees_north' 'degrees-north' 'degree_north' 'degrees north' 'degrees_N' 'Degrees_north' 'degree_N' 'degreeN' 'degreesN' 'deg north'
(0)	check_for_lon_coord: Warning: Data either does not contain
(0)	a valid longitude coordinate array or doesn't contain one at all.
(0)	A valid longitude coordinate array should have a 'units'
(0)	attribute equal to one of the following values: 
(0)	    'degrees_east' 'degrees-east' 'degree_east' 'degrees east' 'degrees_E' 'Degrees_east' 'degree_E' 'degreeE' 'degreesE' 'deg east'
ncl elapsed Time: 18932 seconds
ncl end:
Thu Jun 22 20:06:48 CDT 2023
